<?xml version="1.0" encoding="UTF-8"?>
<testsuites>
  <testsuite name="Test Suite" tests="33" assertions="47" errors="0" warnings="0" failures="0" skipped="0" time="0.326296">
    <testsuite name="Elbformat\FieldHelperBundle\Tests\BundleTest" file="/var/www/vendor/elbformat/field-helper-bundle/tests/BundleTest.php" tests="1" assertions="1" errors="0" warnings="0" failures="0" skipped="0" time="0.055489">
      <testcase name="testBuild" class="Elbformat\FieldHelperBundle\Tests\BundleTest" classname="Elbformat.FieldHelperBundle.Tests.BundleTest" file="/var/www/vendor/elbformat/field-helper-bundle/tests/BundleTest.php" line="15" assertions="1" time="0.055489"/>
    </testsuite>
    <testsuite name="Elbformat\FieldHelperBundle\Tests\DependencyInjection\Compiler\FieldHelperPassTest" file="/var/www/vendor/elbformat/field-helper-bundle/tests/DependencyInjection/Compile/FieldHelperPassTest.php" tests="2" assertions="2" errors="0" warnings="0" failures="0" skipped="0" time="0.064859">
      <testcase name="testProcess" class="Elbformat\FieldHelperBundle\Tests\DependencyInjection\Compiler\FieldHelperPassTest" classname="Elbformat.FieldHelperBundle.Tests.DependencyInjection.Compiler.FieldHelperPassTest" file="/var/www/vendor/elbformat/field-helper-bundle/tests/DependencyInjection/Compile/FieldHelperPassTest.php" line="14" assertions="1" time="0.046982"/>
      <testcase name="testProcessIgnoreInvalidHelper" class="Elbformat\FieldHelperBundle\Tests\DependencyInjection\Compiler\FieldHelperPassTest" classname="Elbformat.FieldHelperBundle.Tests.DependencyInjection.Compiler.FieldHelperPassTest" file="/var/www/vendor/elbformat/field-helper-bundle/tests/DependencyInjection/Compile/FieldHelperPassTest.php" line="39" assertions="1" time="0.017877"/>
    </testsuite>
    <testsuite name="Elbformat\FieldHelperBundle\DependencyInjection\ElbformatFieldHelperExtensionTest" file="/var/www/vendor/elbformat/field-helper-bundle/tests/DependencyInjection/ElbformatFieldHelperExtensionTest.php" tests="1" assertions="2" errors="0" warnings="0" failures="0" skipped="0" time="0.020362">
      <testcase name="testLoad" class="Elbformat\FieldHelperBundle\DependencyInjection\ElbformatFieldHelperExtensionTest" classname="Elbformat.FieldHelperBundle.DependencyInjection.ElbformatFieldHelperExtensionTest" file="/var/www/vendor/elbformat/field-helper-bundle/tests/DependencyInjection/ElbformatFieldHelperExtensionTest.php" line="18" assertions="2" time="0.020362"/>
    </testsuite>
    <testsuite name="Elbformat\FieldHelperBundle\Tests\FieldHelper\BoolFieldHelperTest" file="/var/www/vendor/elbformat/field-helper-bundle/tests/FieldHelper/BoolFieldHelperTest.php" tests="9" assertions="15" errors="0" warnings="0" failures="0" skipped="0" time="0.070953">
      <testcase name="testGetName" class="Elbformat\FieldHelperBundle\Tests\FieldHelper\BoolFieldHelperTest" classname="Elbformat.FieldHelperBundle.Tests.FieldHelper.BoolFieldHelperTest" file="/var/www/vendor/elbformat/field-helper-bundle/tests/FieldHelper/BoolFieldHelperTest.php" line="21" assertions="1" time="0.003690"/>
      <testcase name="testGetBoolTrue" class="Elbformat\FieldHelperBundle\Tests\FieldHelper\BoolFieldHelperTest" classname="Elbformat.FieldHelperBundle.Tests.FieldHelper.BoolFieldHelperTest" file="/var/www/vendor/elbformat/field-helper-bundle/tests/FieldHelper/BoolFieldHelperTest.php" line="26" assertions="1" time="0.016078"/>
      <testcase name="testGetBoolFalse" class="Elbformat\FieldHelperBundle\Tests\FieldHelper\BoolFieldHelperTest" classname="Elbformat.FieldHelperBundle.Tests.FieldHelper.BoolFieldHelperTest" file="/var/www/vendor/elbformat/field-helper-bundle/tests/FieldHelper/BoolFieldHelperTest.php" line="33" assertions="1" time="0.005838"/>
      <testcase name="testGetBoolNull" class="Elbformat\FieldHelperBundle\Tests\FieldHelper\BoolFieldHelperTest" classname="Elbformat.FieldHelperBundle.Tests.FieldHelper.BoolFieldHelperTest" file="/var/www/vendor/elbformat/field-helper-bundle/tests/FieldHelper/BoolFieldHelperTest.php" line="40" assertions="1" time="0.006368"/>
      <testcase name="testGetBoolFieldNotFound" class="Elbformat\FieldHelperBundle\Tests\FieldHelper\BoolFieldHelperTest" classname="Elbformat.FieldHelperBundle.Tests.FieldHelper.BoolFieldHelperTest" file="/var/www/vendor/elbformat/field-helper-bundle/tests/FieldHelper/BoolFieldHelperTest.php" line="47" assertions="1" time="0.013579"/>
      <testcase name="testGetBoolInvalidFieldType" class="Elbformat\FieldHelperBundle\Tests\FieldHelper\BoolFieldHelperTest" classname="Elbformat.FieldHelperBundle.Tests.FieldHelper.BoolFieldHelperTest" file="/var/www/vendor/elbformat/field-helper-bundle/tests/FieldHelper/BoolFieldHelperTest.php" line="55" assertions="2" time="0.006991"/>
      <testcase name="testUpdateBoolCreate" class="Elbformat\FieldHelperBundle\Tests\FieldHelper\BoolFieldHelperTest" classname="Elbformat.FieldHelperBundle.Tests.FieldHelper.BoolFieldHelperTest" file="/var/www/vendor/elbformat/field-helper-bundle/tests/FieldHelper/BoolFieldHelperTest.php" line="67" assertions="3" time="0.004045"/>
      <testcase name="testUpdateBoolChanged" class="Elbformat\FieldHelperBundle\Tests\FieldHelper\BoolFieldHelperTest" classname="Elbformat.FieldHelperBundle.Tests.FieldHelper.BoolFieldHelperTest" file="/var/www/vendor/elbformat/field-helper-bundle/tests/FieldHelper/BoolFieldHelperTest.php" line="76" assertions="3" time="0.008118"/>
      <testcase name="testUpdateBoolUnchanged" class="Elbformat\FieldHelperBundle\Tests\FieldHelper\BoolFieldHelperTest" classname="Elbformat.FieldHelperBundle.Tests.FieldHelper.BoolFieldHelperTest" file="/var/www/vendor/elbformat/field-helper-bundle/tests/FieldHelper/BoolFieldHelperTest.php" line="86" assertions="2" time="0.006246"/>
    </testsuite>
    <testsuite name="Elbformat\FieldHelperBundle\Tests\FieldHelper\TextFieldHelperTest" file="/var/www/vendor/elbformat/field-helper-bundle/tests/FieldHelper/TextFieldHelperTest.php" tests="16" assertions="22" errors="0" warnings="0" failures="0" skipped="0" time="0.091966">
      <testcase name="testGetName" class="Elbformat\FieldHelperBundle\Tests\FieldHelper\TextFieldHelperTest" classname="Elbformat.FieldHelperBundle.Tests.FieldHelper.TextFieldHelperTest" file="/var/www/vendor/elbformat/field-helper-bundle/tests/FieldHelper/TextFieldHelperTest.php" line="25" assertions="1" time="0.003071"/>
      <testsuite name="Elbformat\FieldHelperBundle\Tests\FieldHelper\TextFieldHelperTest::testGetString" tests="4" assertions="4" errors="0" warnings="0" failures="0" skipped="0" time="0.024011">
        <testcase name="testGetString with data set #0" class="Elbformat\FieldHelperBundle\Tests\FieldHelper\TextFieldHelperTest" classname="Elbformat.FieldHelperBundle.Tests.FieldHelper.TextFieldHelperTest" file="/var/www/vendor/elbformat/field-helper-bundle/tests/FieldHelper/TextFieldHelperTest.php" line="33" assertions="1" time="0.006133"/>
        <testcase name="testGetString with data set #1" class="Elbformat\FieldHelperBundle\Tests\FieldHelper\TextFieldHelperTest" classname="Elbformat.FieldHelperBundle.Tests.FieldHelper.TextFieldHelperTest" file="/var/www/vendor/elbformat/field-helper-bundle/tests/FieldHelper/TextFieldHelperTest.php" line="33" assertions="1" time="0.005629"/>
        <testcase name="testGetString with data set #2" class="Elbformat\FieldHelperBundle\Tests\FieldHelper\TextFieldHelperTest" classname="Elbformat.FieldHelperBundle.Tests.FieldHelper.TextFieldHelperTest" file="/var/www/vendor/elbformat/field-helper-bundle/tests/FieldHelper/TextFieldHelperTest.php" line="33" assertions="1" time="0.005678"/>
        <testcase name="testGetString with data set #3" class="Elbformat\FieldHelperBundle\Tests\FieldHelper\TextFieldHelperTest" classname="Elbformat.FieldHelperBundle.Tests.FieldHelper.TextFieldHelperTest" file="/var/www/vendor/elbformat/field-helper-bundle/tests/FieldHelper/TextFieldHelperTest.php" line="33" assertions="1" time="0.006571"/>
      </testsuite>
      <testsuite name="Elbformat\FieldHelperBundle\Tests\FieldHelper\TextFieldHelperTest::testGetOptionalString" tests="4" assertions="4" errors="0" warnings="0" failures="0" skipped="0" time="0.024323">
        <testcase name="testGetOptionalString with data set #0" class="Elbformat\FieldHelperBundle\Tests\FieldHelper\TextFieldHelperTest" classname="Elbformat.FieldHelperBundle.Tests.FieldHelper.TextFieldHelperTest" file="/var/www/vendor/elbformat/field-helper-bundle/tests/FieldHelper/TextFieldHelperTest.php" line="43" assertions="1" time="0.005930"/>
        <testcase name="testGetOptionalString with data set #1" class="Elbformat\FieldHelperBundle\Tests\FieldHelper\TextFieldHelperTest" classname="Elbformat.FieldHelperBundle.Tests.FieldHelper.TextFieldHelperTest" file="/var/www/vendor/elbformat/field-helper-bundle/tests/FieldHelper/TextFieldHelperTest.php" line="43" assertions="1" time="0.006606"/>
        <testcase name="testGetOptionalString with data set #2" class="Elbformat\FieldHelperBundle\Tests\FieldHelper\TextFieldHelperTest" classname="Elbformat.FieldHelperBundle.Tests.FieldHelper.TextFieldHelperTest" file="/var/www/vendor/elbformat/field-helper-bundle/tests/FieldHelper/TextFieldHelperTest.php" line="43" assertions="1" time="0.006190"/>
        <testcase name="testGetOptionalString with data set #3" class="Elbformat\FieldHelperBundle\Tests\FieldHelper\TextFieldHelperTest" classname="Elbformat.FieldHelperBundle.Tests.FieldHelper.TextFieldHelperTest" file="/var/www/vendor/elbformat/field-helper-bundle/tests/FieldHelper/TextFieldHelperTest.php" line="43" assertions="1" time="0.005598"/>
      </testsuite>
      <testcase name="testGetStringNull" class="Elbformat\FieldHelperBundle\Tests\FieldHelper\TextFieldHelperTest" classname="Elbformat.FieldHelperBundle.Tests.FieldHelper.TextFieldHelperTest" file="/var/www/vendor/elbformat/field-helper-bundle/tests/FieldHelper/TextFieldHelperTest.php" line="60" assertions="1" time="0.006719"/>
      <testcase name="testGetOptionalStringNull" class="Elbformat\FieldHelperBundle\Tests\FieldHelper\TextFieldHelperTest" classname="Elbformat.FieldHelperBundle.Tests.FieldHelper.TextFieldHelperTest" file="/var/www/vendor/elbformat/field-helper-bundle/tests/FieldHelper/TextFieldHelperTest.php" line="68" assertions="1" time="0.005852"/>
      <testcase name="testGetStringFieldNotFound" class="Elbformat\FieldHelperBundle\Tests\FieldHelper\TextFieldHelperTest" classname="Elbformat.FieldHelperBundle.Tests.FieldHelper.TextFieldHelperTest" file="/var/www/vendor/elbformat/field-helper-bundle/tests/FieldHelper/TextFieldHelperTest.php" line="75" assertions="1" time="0.004225"/>
      <testcase name="testGetStringInvalidFieldType" class="Elbformat\FieldHelperBundle\Tests\FieldHelper\TextFieldHelperTest" classname="Elbformat.FieldHelperBundle.Tests.FieldHelper.TextFieldHelperTest" file="/var/www/vendor/elbformat/field-helper-bundle/tests/FieldHelper/TextFieldHelperTest.php" line="83" assertions="2" time="0.006708"/>
      <testcase name="testUpdateStringCreate" class="Elbformat\FieldHelperBundle\Tests\FieldHelper\TextFieldHelperTest" classname="Elbformat.FieldHelperBundle.Tests.FieldHelper.TextFieldHelperTest" file="/var/www/vendor/elbformat/field-helper-bundle/tests/FieldHelper/TextFieldHelperTest.php" line="95" assertions="3" time="0.003899"/>
      <testcase name="testUpdateStringChanged" class="Elbformat\FieldHelperBundle\Tests\FieldHelper\TextFieldHelperTest" classname="Elbformat.FieldHelperBundle.Tests.FieldHelper.TextFieldHelperTest" file="/var/www/vendor/elbformat/field-helper-bundle/tests/FieldHelper/TextFieldHelperTest.php" line="104" assertions="3" time="0.006741"/>
      <testcase name="testUpdateStringUnchanged" class="Elbformat\FieldHelperBundle\Tests\FieldHelper\TextFieldHelperTest" classname="Elbformat.FieldHelperBundle.Tests.FieldHelper.TextFieldHelperTest" file="/var/www/vendor/elbformat/field-helper-bundle/tests/FieldHelper/TextFieldHelperTest.php" line="114" assertions="2" time="0.006417"/>
    </testsuite>
    <testsuite name="Elbformat\FieldHelperBundle\Tests\Registry\RegistryTest" file="/var/www/vendor/elbformat/field-helper-bundle/tests/Registry/RegistryTest.php" tests="4" assertions="5" errors="0" warnings="0" failures="0" skipped="0" time="0.022667">
      <testcase name="testGetFieldHelper" class="Elbformat\FieldHelperBundle\Tests\Registry\RegistryTest" classname="Elbformat.FieldHelperBundle.Tests.Registry.RegistryTest" file="/var/www/vendor/elbformat/field-helper-bundle/tests/Registry/RegistryTest.php" line="16" assertions="1" time="0.007303"/>
      <testcase name="testGetTextFieldHelper" class="Elbformat\FieldHelperBundle\Tests\Registry\RegistryTest" classname="Elbformat.FieldHelperBundle.Tests.Registry.RegistryTest" file="/var/www/vendor/elbformat/field-helper-bundle/tests/Registry/RegistryTest.php" line="25" assertions="1" time="0.004734"/>
      <testcase name="testGetBoolFieldHelper" class="Elbformat\FieldHelperBundle\Tests\Registry\RegistryTest" classname="Elbformat.FieldHelperBundle.Tests.Registry.RegistryTest" file="/var/www/vendor/elbformat/field-helper-bundle/tests/Registry/RegistryTest.php" line="33" assertions="1" time="0.006562"/>
      <testcase name="testGetFieldHelperUnknown" class="Elbformat\FieldHelperBundle\Tests\Registry\RegistryTest" classname="Elbformat.FieldHelperBundle.Tests.Registry.RegistryTest" file="/var/www/vendor/elbformat/field-helper-bundle/tests/Registry/RegistryTest.php" line="41" assertions="2" time="0.004068"/>
    </testsuite>
  </testsuite>
</testsuites>
